2025-09-25 02:25:16,488 - [INFO] - LANTERN Pipeline started
2025-09-25 02:25:16,488 - [INFO] - Output directory: /Users/pranavpatel/Downloads/Big_data_1.1/untitled folder/untitled folder/Assignment-1---DAMG7245-Team-5/data/parsed
2025-09-25 02:25:16,488 - [INFO] - Raw data directory: /Users/pranavpatel/Downloads/Big_data_1.1/untitled folder/untitled folder/Assignment-1---DAMG7245-Team-5/data/raw
2025-09-25 02:25:16,488 - [INFO] - Hybrid tables: True
2025-09-25 02:25:16,488 - [INFO] - Skip Docling: False
2025-09-25 02:25:16,488 - [INFO] - Hybrid tables: True
2025-09-25 02:25:16,488 - [INFO] - Skip Docling: False
2025-09-25 02:25:16,488 - [INFO] - Found 1 PDF files to process
2025-09-25 02:25:16,488 - [INFO] -    f.pdf
2025-09-25 02:25:16,488 - [INFO] - 
================================================================================
2025-09-25 02:25:16,488 - [INFO] - Processing Document 1/1: f.pdf
2025-09-25 02:25:16,488 - [INFO] - ================================================================================
2025-09-25 02:25:16,489 - [INFO] - Document metadata: ID=f_2024, Company=Unknown Company, Year=2024
2025-09-25 02:25:16,489 - [INFO] - Unified output directory: f_20250925_022516
2025-09-25 02:25:16,489 - [INFO] - 
[LAB 1] Starting text extraction...
2025-09-25 02:25:16,489 - [INFO] - [LAB 1] Executing: /usr/local/bin/python3 /Users/pranavpatel/Downloads/Big_data_1.1/untitled folder/untitled folder/Assignment-1---DAMG7245-Team-5/src/text/extract_text.py --in /Users/pranavpatel/Downloads/Big_data_1.1/untitled folder/untitled folder/Assignment-1---DAMG7245-Team-5/data/raw/f.pdf --out /Users/pranavpatel/Downloads/Big_data_1.1/untitled folder/untitled folder/Assignment-1---DAMG7245-Team-5/data/parsed/f_20250925_022516
2025-09-25 02:25:18,309 - [INFO] - [LAB 1] Processing: f.pdf
2025-09-25 02:25:18,309 - [INFO] - [LAB 1] Lab 1 Text Extraction Complete:
2025-09-25 02:25:18,310 - [INFO] - [LAB 1] Per-page .txt files: 17 files created
2025-09-25 02:25:18,310 - [INFO] - [LAB 1] OCR log: 0 pages required OCR
2025-09-25 02:25:18,310 - [INFO] - [LAB 1] Word bounding boxes: Saved for layout analysis
2025-09-25 02:25:18,310 - [INFO] - [LAB 1] Output location: /Users/pranavpatel/Downloads/Big_data_1.1/untitled folder/untitled folder/Assignment-1---DAMG7245-Team-5/data/parsed/f_20250925_022516/text
2025-09-25 02:25:18,310 - [INFO] - [LAB 1] Text extraction completed successfully
2025-09-25 02:25:18,310 - [INFO] - 
[LAB 2] Starting table extraction...
2025-09-25 02:25:18,310 - [INFO] - [LAB 2] Executing: /usr/local/bin/python3 /Users/pranavpatel/Downloads/Big_data_1.1/untitled folder/untitled folder/Assignment-1---DAMG7245-Team-5/src/tables/extract_tables.py --in /Users/pranavpatel/Downloads/Big_data_1.1/untitled folder/untitled folder/Assignment-1---DAMG7245-Team-5/data/raw/f.pdf --out /Users/pranavpatel/Downloads/Big_data_1.1/untitled folder/untitled folder/Assignment-1---DAMG7245-Team-5/data/parsed/f_20250925_022516 --hybrid
2025-09-25 02:25:20,313 - [INFO] - [LAB 2] Table extraction completed successfully
2025-09-25 02:25:20,313 - [INFO] - 
[LAB 3] Starting layout detection...
2025-09-25 02:25:20,313 - [INFO] - [LAB 3] Executing: /usr/local/bin/python3 /Users/pranavpatel/Downloads/Big_data_1.1/untitled folder/untitled folder/Assignment-1---DAMG7245-Team-5/src/layout/extract_layout.py --in /Users/pranavpatel/Downloads/Big_data_1.1/untitled folder/untitled folder/Assignment-1---DAMG7245-Team-5/data/raw/f.pdf --out /Users/pranavpatel/Downloads/Big_data_1.1/untitled folder/untitled folder/Assignment-1---DAMG7245-Team-5/data/parsed/f_20250925_022516
2025-09-25 02:25:20,940 - [INFO] - [LAB 3] Detectron2 not available, using manual layout detection
2025-09-25 02:25:20,940 - [INFO] - [LAB 3] Layout Detection Summary for f.pdf:
2025-09-25 02:25:20,940 - [INFO] - [LAB 3] Pages processed: 17
2025-09-25 02:25:20,940 - [INFO] - [LAB 3] Total blocks detected: 276
2025-09-25 02:25:20,940 - [INFO] - [LAB 3] Block type distribution:
2025-09-25 02:25:20,940 - [INFO] - [LAB 3] Text: 241
2025-09-25 02:25:20,940 - [INFO] - [LAB 3] Table: 1
2025-09-25 02:25:20,940 - [INFO] - [LAB 3] Title: 34
2025-09-25 02:25:20,940 - [INFO] - [LAB 3] Output written to /Users/pranavpatel/Downloads/Big_data_1.1/untitled folder/untitled folder/Assignment-1---DAMG7245-Team-5/data/parsed/f_20250925_022516
2025-09-25 02:25:20,940 - [INFO] - [LAB 3] Layout detection completed successfully
2025-09-25 02:25:20,940 - [INFO] - 
[LAB 4] Starting Docling processing with integrated AI metadata extraction...
2025-09-25 02:25:20,940 - [INFO] - [LAB 4] Executing: /usr/local/bin/python3 /Users/pranavpatel/Downloads/Big_data_1.1/untitled folder/untitled folder/Assignment-1---DAMG7245-Team-5/src/docling/extract_docling.py --in /Users/pranavpatel/Downloads/Big_data_1.1/untitled folder/untitled folder/Assignment-1---DAMG7245-Team-5/data/raw/f.pdf --out /Users/pranavpatel/Downloads/Big_data_1.1/untitled folder/untitled folder/Assignment-1---DAMG7245-Team-5/data/parsed/f_20250925_022516
2025-09-25 02:33:33,375 - [INFO] - [LAB 4] Docling Performance Summary for f.pdf:
2025-09-25 02:33:33,378 - [INFO] - [LAB 4] Processing time: 477.74 seconds
2025-09-25 02:33:33,378 - [INFO] - [LAB 4] Tables detected: 1
2025-09-25 02:33:33,378 - [INFO] - [LAB 4] Formulas detected: 0
2025-09-25 02:33:33,378 - [INFO] - [LAB 4] Reading order preserved: False
2025-09-25 02:33:33,378 - [INFO] - [LAB 4] Output written to /Users/pranavpatel/Downloads/Big_data_1.1/untitled folder/untitled folder/Assignment-1---DAMG7245-Team-5/data/parsed/f_20250925_022516
2025-09-25 02:33:33,379 - [INFO] - [LAB 4] Docling processing with AI metadata completed successfully
2025-09-25 02:33:33,399 - [INFO] - [LAB 5] Created metadata file with 2 records: /Users/pranavpatel/Downloads/Big_data_1.1/untitled folder/untitled folder/Assignment-1---DAMG7245-Team-5/data/parsed/f_20250925_022516/metadata/f_2024.jsonl
2025-09-25 02:33:33,399 - [INFO] - [LAB 5] AI-Enhanced metadata extraction completed via Docling integration
2025-09-25 02:33:33,399 - [INFO] - 
[LAB 6] Starting format conversion...
2025-09-25 02:33:33,399 - [INFO] - [LAB 6] Executing: /usr/local/bin/python3 /Users/pranavpatel/Downloads/Big_data_1.1/untitled folder/untitled folder/Assignment-1---DAMG7245-Team-5/src/formats/convert_formats.py --in /Users/pranavpatel/Downloads/Big_data_1.1/untitled folder/untitled folder/Assignment-1---DAMG7245-Team-5/data/parsed/f_20250925_022516/metadata/f_2024.jsonl --out /Users/pranavpatel/Downloads/Big_data_1.1/untitled folder/untitled folder/Assignment-1---DAMG7245-Team-5/data/parsed/f_20250925_022516
2025-09-25 02:33:33,490 - [INFO] - [LAB 6] ✅ Format conversion completed for f_2024
2025-09-25 02:33:33,490 - [INFO] - [LAB 6] Total records processed: 2
2025-09-25 02:33:33,491 - [INFO] - [LAB 6] Formats created:
2025-09-25 02:33:33,491 - [INFO] - [LAB 6] 📄 MARKDOWN: f_2024.md (0.7 KB)
2025-09-25 02:33:33,491 - [INFO] - [LAB 6] 📄 JSON: f_2024.json (4.7 KB)
2025-09-25 02:33:33,491 - [INFO] - [LAB 6] 📄 TXT: f_2024.txt (0.6 KB)
2025-09-25 02:33:33,491 - [INFO] - [LAB 6] 📄 ANALYSIS: _format_analysis.md (4.0 KB)
2025-09-25 02:33:33,491 - [INFO] - [LAB 6] Format conversion completed successfully
2025-09-25 02:33:33,491 - [INFO] - 
[VALIDATION] Validating outputs for f_2024...
2025-09-25 02:33:33,492 - [INFO] - [VALIDATION] LAB1: PASS | LAB2: PASS | LAB3: PASS | LAB4: PASS | LAB5: FAIL | LAB6: PASS
2025-09-25 02:33:33,492 - [INFO] - Successfully processed f.pdf → f_20250925_022516
2025-09-25 02:33:33,492 - [INFO] - 
================================================================================
2025-09-25 02:33:33,492 - [INFO] - LANTERN PIPELINE EXECUTION SUMMARY
2025-09-25 02:33:33,492 - [INFO] - ================================================================================
2025-09-25 02:33:33,493 - [INFO] - Execution timestamp: 20250925_023333
2025-09-25 02:33:33,493 - [INFO] - Total PDFs processed: 1
2025-09-25 02:33:33,493 - [INFO] - Successful: 1
2025-09-25 02:33:33,493 - [INFO] - Failed: 0
2025-09-25 02:33:33,493 - [INFO] - Success rate: 100.0%
2025-09-25 02:33:33,493 - [INFO] - 
Successfully Processed Documents:
2025-09-25 02:33:33,493 - [INFO] -    f.pdf → f_2024
2025-09-25 02:33:33,493 - [INFO] - 
Lab Success Summary:
2025-09-25 02:33:33,493 - [INFO] -    Lab 1: 1/1 successful (100.0%)
2025-09-25 02:33:33,493 - [INFO] -    Lab 2: 1/1 successful (100.0%)
2025-09-25 02:33:33,493 - [INFO] -    Lab 3: 1/1 successful (100.0%)
2025-09-25 02:33:33,493 - [INFO] -    Lab 4: 1/1 successful (100.0%)
2025-09-25 02:33:33,493 - [INFO] -    Lab 5: 1/1 successful (100.0%)
2025-09-25 02:33:33,493 - [INFO] -    Lab 6: 1/1 successful (100.0%)
2025-09-25 02:33:33,493 - [INFO] - 
All outputs saved to: /Users/pranavpatel/Downloads/Big_data_1.1/untitled folder/untitled folder/Assignment-1---DAMG7245-Team-5/data/parsed
2025-09-25 02:33:33,494 - [INFO] - Detailed summary saved to: /Users/pranavpatel/Downloads/Big_data_1.1/untitled folder/untitled folder/Assignment-1---DAMG7245-Team-5/data/parsed/pipeline_summary_20250925_023333.json
2025-09-25 02:33:33,494 - [INFO] - Comprehensive pipeline report saved: /Users/pranavpatel/Downloads/Big_data_1.1/untitled folder/untitled folder/Assignment-1---DAMG7245-Team-5/data/parsed/LANTERN_Pipeline_Report_20250925_023333.md
2025-09-25 02:33:33,494 - [INFO] - Pipeline report generated: /Users/pranavpatel/Downloads/Big_data_1.1/untitled folder/untitled folder/Assignment-1---DAMG7245-Team-5/data/parsed/LANTERN_Pipeline_Report_20250925_023333.md
2025-09-25 02:33:33,494 - [INFO] - Pipeline completed successfully - All documents processed!
2025-09-25 03:07:04,130 - [INFO] - LANTERN Pipeline started
2025-09-25 03:07:04,131 - [INFO] - Output directory: /Users/pranavpatel/Downloads/Big_data_1.1/untitled folder/untitled folder/Assignment-1---DAMG7245-Team-5/data/parsed
2025-09-25 03:07:04,131 - [INFO] - Raw data directory: /Users/pranavpatel/Downloads/Big_data_1.1/untitled folder/untitled folder/Assignment-1---DAMG7245-Team-5/data/raw
2025-09-25 03:07:04,131 - [INFO] - Hybrid tables: True
2025-09-25 03:07:04,131 - [INFO] - Skip Docling: False
2025-09-25 03:07:04,131 - [INFO] - Hybrid tables: True
2025-09-25 03:07:04,131 - [INFO] - Skip Docling: False
2025-09-25 03:07:04,132 - [INFO] - Found 1 PDF files to process
2025-09-25 03:07:04,132 - [INFO] -    f.pdf
2025-09-25 03:07:04,132 - [INFO] - 
================================================================================
2025-09-25 03:07:04,132 - [INFO] - Processing Document 1/1: f.pdf
2025-09-25 03:07:04,132 - [INFO] - ================================================================================
2025-09-25 03:07:04,134 - [INFO] - Document metadata: ID=f_2024, Company=Unknown Company, Year=2024
2025-09-25 03:07:04,134 - [INFO] - Unified output directory: f_20250925_030704
2025-09-25 03:07:04,135 - [INFO] - 
[LAB 1] Starting text extraction...
2025-09-25 03:07:04,135 - [INFO] - [LAB 1] Executing: /usr/local/bin/python3 /Users/pranavpatel/Downloads/Big_data_1.1/untitled folder/untitled folder/Assignment-1---DAMG7245-Team-5/src/text/extract_text.py --in /Users/pranavpatel/Downloads/Big_data_1.1/untitled folder/untitled folder/Assignment-1---DAMG7245-Team-5/data/raw/f.pdf --out /Users/pranavpatel/Downloads/Big_data_1.1/untitled folder/untitled folder/Assignment-1---DAMG7245-Team-5/data/parsed/f_20250925_030704
2025-09-25 03:07:07,857 - [INFO] - [LAB 1] Processing: f.pdf
2025-09-25 03:07:07,857 - [INFO] - [LAB 1] Lab 1 Text Extraction Complete:
2025-09-25 03:07:07,857 - [INFO] - [LAB 1] Per-page .txt files: 17 files created
2025-09-25 03:07:07,857 - [INFO] - [LAB 1] OCR log: 0 pages required OCR
2025-09-25 03:07:07,858 - [INFO] - [LAB 1] Word bounding boxes: Saved for layout analysis
2025-09-25 03:07:07,858 - [INFO] - [LAB 1] Output location: /Users/pranavpatel/Downloads/Big_data_1.1/untitled folder/untitled folder/Assignment-1---DAMG7245-Team-5/data/parsed/f_20250925_030704/text
2025-09-25 03:07:07,858 - [INFO] - [LAB 1] Text extraction completed successfully
2025-09-25 03:07:07,858 - [INFO] - 
[LAB 2] Starting table extraction...
2025-09-25 03:07:07,858 - [INFO] - [LAB 2] Executing: /usr/local/bin/python3 /Users/pranavpatel/Downloads/Big_data_1.1/untitled folder/untitled folder/Assignment-1---DAMG7245-Team-5/src/tables/extract_tables.py --in /Users/pranavpatel/Downloads/Big_data_1.1/untitled folder/untitled folder/Assignment-1---DAMG7245-Team-5/data/raw/f.pdf --out /Users/pranavpatel/Downloads/Big_data_1.1/untitled folder/untitled folder/Assignment-1---DAMG7245-Team-5/data/parsed/f_20250925_030704 --hybrid
2025-09-25 03:07:16,487 - [INFO] - [LAB 2] Table extraction completed successfully
2025-09-25 03:07:16,489 - [INFO] - 
[LAB 3] Starting layout detection...
2025-09-25 03:07:16,489 - [INFO] - [LAB 3] Executing: /usr/local/bin/python3 /Users/pranavpatel/Downloads/Big_data_1.1/untitled folder/untitled folder/Assignment-1---DAMG7245-Team-5/src/layout/extract_layout.py --in /Users/pranavpatel/Downloads/Big_data_1.1/untitled folder/untitled folder/Assignment-1---DAMG7245-Team-5/data/raw/f.pdf --out /Users/pranavpatel/Downloads/Big_data_1.1/untitled folder/untitled folder/Assignment-1---DAMG7245-Team-5/data/parsed/f_20250925_030704
2025-09-25 03:07:18,734 - [INFO] - [LAB 3] Detectron2 not available, using manual layout detection
2025-09-25 03:07:18,735 - [INFO] - [LAB 3] Layout Detection Summary for f.pdf:
2025-09-25 03:07:18,735 - [INFO] - [LAB 3] Pages processed: 17
2025-09-25 03:07:18,735 - [INFO] - [LAB 3] Total blocks detected: 276
2025-09-25 03:07:18,735 - [INFO] - [LAB 3] Block type distribution:
2025-09-25 03:07:18,735 - [INFO] - [LAB 3] Text: 241
2025-09-25 03:07:18,735 - [INFO] - [LAB 3] Table: 1
2025-09-25 03:07:18,736 - [INFO] - [LAB 3] Title: 34
2025-09-25 03:07:18,736 - [INFO] - [LAB 3] Output written to /Users/pranavpatel/Downloads/Big_data_1.1/untitled folder/untitled folder/Assignment-1---DAMG7245-Team-5/data/parsed/f_20250925_030704
2025-09-25 03:07:18,736 - [INFO] - [LAB 3] Layout detection completed successfully
2025-09-25 03:07:18,736 - [INFO] - 
[LAB 4] Starting Docling processing with integrated AI metadata extraction...
2025-09-25 03:07:18,736 - [INFO] - [LAB 4] Executing: /usr/local/bin/python3 /Users/pranavpatel/Downloads/Big_data_1.1/untitled folder/untitled folder/Assignment-1---DAMG7245-Team-5/src/docling/extract_docling.py --in /Users/pranavpatel/Downloads/Big_data_1.1/untitled folder/untitled folder/Assignment-1---DAMG7245-Team-5/data/raw/f.pdf --out /Users/pranavpatel/Downloads/Big_data_1.1/untitled folder/untitled folder/Assignment-1---DAMG7245-Team-5/data/parsed/f_20250925_030704
